[debug] [2026-10-03T08:37:09.961Z] ----------------------------------------------------------------------
[debug] [2026-10-03T08:37:09.964Z] Command:       /usr/bin/node /usr/local/bin/firebase init
[debug] [2026-10-03T08:37:09.964Z] CLI Version:   15.32.1
[debug] [2026-10-03T08:37:09.964Z] Platform:      linux
[debug] [2026-10-03T08:37:09.965Z] Node Version:  v24.19.0
[debug] [2026-10-03T08:37:09.965Z] Detected Agent: unknown
[debug] [2026-10-03T08:37:09.965Z] Time:          Sat Oct 03 2026 14:07:09 GMT+0530 (India Standard Time)
[debug] [2026-10-03T08:37:09.965Z] ----------------------------------------------------------------------
[debug] 
[debug] [2026-10-03T08:37:09.983Z] >>> [apiv2][query] GET https://firebase-public.firebaseio.com/cli.json [none]
[info] 
     ######## #### ########  ######## ########     ###     ######  ########
     ##        ##  ##     ## ##       ##     ##  ##   ##  ##       ##
     ######    ##  ########  ######   ########  #########  ######  ######
     ##        ##  ##    ##  ##       ##     ## ##     ##       ## ##
     ##       #### ##     ## ######## ########  ##     ##  ######  ########

You're about to initialize a Firebase project in this directory:

  /home/kali/Desktop/PlayZa/Playza-beta

[debug] [2026-10-03T08:37:11.998Z] <<< [apiv2][status] GET https://firebase-public.firebaseio.com/cli.json 200
[debug] [2026-10-03T08:37:11.999Z] <<< [apiv2][body] GET https://firebase-public.firebaseio.com/cli.json {"cloudBuildErrorAfter":1594252800000,"cloudBuildWarnAfter":1590019200000,"defaultNode10After":1594252800000,"minVersion":"3.0.5","node8DeploysDisabledAfter":1613390400000,"node8RuntimeDisabledAfter":1615809600000,"node8WarnAfter":1600128000000}
[info] 
=== Project Setup
[info] 
[info] First, let's associate this project directory with a Firebase project.
[info] You can create multiple project aliases by running firebase use --add, 
[info] 
[debug] [2026-10-03T08:37:51.015Z] > command requires scopes: ["email","openid","https://www.googleapis.com/auth/cloudplatformprojects.readonly","https://www.googleapis.com/auth/firebase","https://www.googleapis.com/auth/cloud-platform"]
[debug] [2026-10-03T08:37:51.016Z] > authorizing via signed-in user (cipher.raj.iq@gmail.com)
[debug] [2026-10-03T08:37:51.017Z] Checked if tokens are valid: false, expires at: 1790867184133
[debug] [2026-10-03T08:37:51.018Z] Checked if tokens are valid: false, expires at: 1790867184133
[debug] [2026-10-03T08:37:51.019Z] > refreshing access token with scopes: []
[debug] [2026-10-03T08:37:51.022Z] >>> [apiv2][query] POST https://www.googleapis.com/oauth2/v3/token [none]
[debug] [2026-10-03T08:37:51.022Z] >>> [apiv2][body] POST https://www.googleapis.com/oauth2/v3/token [omitted]
[debug] [2026-10-03T08:37:51.407Z] <<< [apiv2][status] POST https://www.googleapis.com/oauth2/v3/token 200
[debug] [2026-10-03T08:37:51.408Z] <<< [apiv2][body] POST https://www.googleapis.com/oauth2/v3/token [omitted]
[debug] [2026-10-03T08:37:51.417Z] >>> [apiv2][query] GET https://firebase.googleapis.com/v1beta1/projects pageSize=100
[debug] [2026-10-03T08:37:52.298Z] <<< [apiv2][status] GET https://firebase.googleapis.com/v1beta1/projects 200
[debug] [2026-10-03T08:37:52.299Z] <<< [apiv2][body] GET https://firebase.googleapis.com/v1beta1/projects [omitted]
[info] 
=== Dataconnect Setup
[info] i  dataconnect: ensuring required API firebasedataconnect.googleapis.com is enabled... 
[debug] [2026-10-03T08:37:56.793Z] Checked if tokens are valid: true, expires at: 1791020270408
[debug] [2026-10-03T08:37:56.793Z] Checked if tokens are valid: true, expires at: 1791020270408
[info] i  dataconnect: ensuring required API sqladmin.googleapis.com is enabled... 
[debug] [2026-10-03T08:37:56.793Z] Checked if tokens are valid: true, expires at: 1791020270408
[debug] [2026-10-03T08:37:56.793Z] Checked if tokens are valid: true, expires at: 1791020270408
[debug] [2026-10-03T08:37:56.795Z] >>> [apiv2][query] GET https://serviceusage.googleapis.com/v1/projects/playza-beta-jnr/services/firebasedataconnect.googleapis.com [none]
[debug] [2026-10-03T08:37:56.795Z] >>> [apiv2][(partial)header] GET https://serviceusage.googleapis.com/v1/projects/playza-beta-jnr/services/firebasedataconnect.googleapis.com  x-goog-user-project=playza-beta-jnr
[debug] [2026-10-03T08:37:56.800Z] >>> [apiv2][query] GET https://serviceusage.googleapis.com/v1/projects/playza-beta-jnr/services/sqladmin.googleapis.com [none]
[debug] [2026-10-03T08:37:56.800Z] >>> [apiv2][(partial)header] GET https://serviceusage.googleapis.com/v1/projects/playza-beta-jnr/services/sqladmin.googleapis.com  x-goog-user-project=playza-beta-jnr
[debug] [2026-10-03T08:37:58.893Z] <<< [apiv2][status] GET https://serviceusage.googleapis.com/v1/projects/playza-beta-jnr/services/firebasedataconnect.googleapis.com 200
[debug] [2026-10-03T08:37:58.893Z] <<< [apiv2][body] GET https://serviceusage.googleapis.com/v1/projects/playza-beta-jnr/services/firebasedataconnect.googleapis.com [omitted]
[warn] ⚠  dataconnect: missing required API firebasedataconnect.googleapis.com. Enabling now... 
[debug] [2026-10-03T08:37:58.894Z] Checked if tokens are valid: true, expires at: 1791020270408
[debug] [2026-10-03T08:37:58.895Z] Checked if tokens are valid: true, expires at: 1791020270408
[debug] [2026-10-03T08:37:58.895Z] >>> [apiv2][query] POST https://serviceusage.googleapis.com/v1/projects/playza-beta-jnr/services/firebasedataconnect.googleapis.com:enable [none]
[debug] [2026-10-03T08:37:58.895Z] >>> [apiv2][(partial)header] POST https://serviceusage.googleapis.com/v1/projects/playza-beta-jnr/services/firebasedataconnect.googleapis.com:enable  x-goog-user-project=playza-beta-jnr
[debug] [2026-10-03T08:37:58.904Z] <<< [apiv2][status] GET https://serviceusage.googleapis.com/v1/projects/playza-beta-jnr/services/sqladmin.googleapis.com 200
[debug] [2026-10-03T08:37:58.904Z] <<< [apiv2][body] GET https://serviceusage.googleapis.com/v1/projects/playza-beta-jnr/services/sqladmin.googleapis.com [omitted]
[warn] ⚠  dataconnect: missing required API sqladmin.googleapis.com. Enabling now... 
[debug] [2026-10-03T08:37:58.905Z] Checked if tokens are valid: true, expires at: 1791020270408
[debug] [2026-10-03T08:37:58.905Z] Checked if tokens are valid: true, expires at: 1791020270408
[debug] [2026-10-03T08:37:58.905Z] >>> [apiv2][query] POST https://serviceusage.googleapis.com/v1/projects/playza-beta-jnr/services/sqladmin.googleapis.com:enable [none]
[debug] [2026-10-03T08:37:58.905Z] >>> [apiv2][(partial)header] POST https://serviceusage.googleapis.com/v1/projects/playza-beta-jnr/services/sqladmin.googleapis.com:enable  x-goog-user-project=playza-beta-jnr
[debug] [2026-10-03T08:38:01.041Z] <<< [apiv2][status] POST https://serviceusage.googleapis.com/v1/projects/playza-beta-jnr/services/sqladmin.googleapis.com:enable 200
[debug] [2026-10-03T08:38:01.042Z] <<< [apiv2][body] POST https://serviceusage.googleapis.com/v1/projects/playza-beta-jnr/services/sqladmin.googleapis.com:enable [omitted]
[debug] [2026-10-03T08:38:01.065Z] <<< [apiv2][status] POST https://serviceusage.googleapis.com/v1/projects/playza-beta-jnr/services/firebasedataconnect.googleapis.com:enable 200
[debug] [2026-10-03T08:38:01.065Z] <<< [apiv2][body] POST https://serviceusage.googleapis.com/v1/projects/playza-beta-jnr/services/firebasedataconnect.googleapis.com:enable [omitted]
[debug] [2026-10-03T08:38:11.072Z] Checked if tokens are valid: true, expires at: 1791020270408
[debug] [2026-10-03T08:38:11.073Z] Checked if tokens are valid: true, expires at: 1791020270408
[debug] [2026-10-03T08:38:11.073Z] >>> [apiv2][query] GET https://firebasedataconnect.googleapis.com/v1/projects/playza-beta-jnr/locations/-/services [none]
[debug] [2026-10-03T08:38:13.533Z] <<< [apiv2][status] GET https://firebasedataconnect.googleapis.com/v1/projects/playza-beta-jnr/locations/-/services 200
[debug] [2026-10-03T08:38:13.533Z] <<< [apiv2][body] GET https://firebasedataconnect.googleapis.com/v1/projects/playza-beta-jnr/locations/-/services {}
[debug] [2026-10-03T08:39:11.544Z] Checked if tokens are valid: true, expires at: 1791020270408
[debug] [2026-10-03T08:39:11.544Z] Checked if tokens are valid: true, expires at: 1791020270408
[debug] [2026-10-03T08:39:11.545Z] >>> [apiv2][query] GET https://serviceusage.googleapis.com/v1/projects/playza-beta-jnr/services/cloudbilling.googleapis.com [none]
[debug] [2026-10-03T08:39:11.545Z] >>> [apiv2][(partial)header] GET https://serviceusage.googleapis.com/v1/projects/playza-beta-jnr/services/cloudbilling.googleapis.com  x-goog-user-project=playza-beta-jnr
[debug] [2026-10-03T08:39:13.645Z] <<< [apiv2][status] GET https://serviceusage.googleapis.com/v1/projects/playza-beta-jnr/services/cloudbilling.googleapis.com 200
[debug] [2026-10-03T08:39:13.645Z] <<< [apiv2][body] GET https://serviceusage.googleapis.com/v1/projects/playza-beta-jnr/services/cloudbilling.googleapis.com [omitted]
[debug] [2026-10-03T08:39:13.645Z] Checked if tokens are valid: true, expires at: 1791020270408
[debug] [2026-10-03T08:39:13.645Z] Checked if tokens are valid: true, expires at: 1791020270408
[debug] [2026-10-03T08:39:13.646Z] >>> [apiv2][query] POST https://serviceusage.googleapis.com/v1/projects/playza-beta-jnr/services/cloudbilling.googleapis.com:enable [none]
[debug] [2026-10-03T08:39:13.646Z] >>> [apiv2][(partial)header] POST https://serviceusage.googleapis.com/v1/projects/playza-beta-jnr/services/cloudbilling.googleapis.com:enable  x-goog-user-project=playza-beta-jnr
[debug] [2026-10-03T08:39:14.362Z] <<< [apiv2][status] POST https://serviceusage.googleapis.com/v1/projects/playza-beta-jnr/services/cloudbilling.googleapis.com:enable 200
[debug] [2026-10-03T08:39:14.362Z] <<< [apiv2][body] POST https://serviceusage.googleapis.com/v1/projects/playza-beta-jnr/services/cloudbilling.googleapis.com:enable [omitted]
[debug] [2026-10-03T08:39:24.389Z] Checked if tokens are valid: true, expires at: 1791020270408
[debug] [2026-10-03T08:39:24.390Z] Checked if tokens are valid: true, expires at: 1791020270408
[debug] [2026-10-03T08:39:24.390Z] >>> [apiv2][query] GET https://cloudbilling.googleapis.com/v1/projects/playza-beta-jnr/billingInfo [none]
[debug] [2026-10-03T08:39:24.390Z] >>> [apiv2][(partial)header] GET https://cloudbilling.googleapis.com/v1/projects/playza-beta-jnr/billingInfo  x-goog-user-project=playza-beta-jnr
[debug] [2026-10-03T08:39:25.112Z] <<< [apiv2][status] GET https://cloudbilling.googleapis.com/v1/projects/playza-beta-jnr/billingInfo 200
[debug] [2026-10-03T08:39:25.112Z] <<< [apiv2][body] GET https://cloudbilling.googleapis.com/v1/projects/playza-beta-jnr/billingInfo {"name":"projects/playza-beta-jnr/billingInfo","projectId":"playza-beta-jnr","billingAccountName":"","billingEnabled":false}
[debug] [2026-10-03T08:39:25.113Z] Checked if tokens are valid: true, expires at: 1791020270408
[debug] [2026-10-03T08:39:25.113Z] Checked if tokens are valid: true, expires at: 1791020270408
[debug] [2026-10-03T08:39:25.113Z] >>> [apiv2][query] GET https://monitoring.googleapis.com/v3/projects/playza-beta-jnr/timeSeries/ filter=metric.type%3D%22serviceruntime.googleapis.com%2Fquota%2Fallocation%2Fusage%22+AND+metric.label.quota_metric+%3D+%22sqladmin.googleapis.com%2Ffdc_lifetime_free_trial_per_project%22&interval.endTime=2026-10-03T08%3A39%3A25.112Z&interval.startTime=2026-09-26T08%3A39%3A25.112Z
[debug] [2026-10-03T08:39:26.544Z] <<< [apiv2][status] GET https://monitoring.googleapis.com/v3/projects/playza-beta-jnr/timeSeries/ 200
[debug] [2026-10-03T08:39:26.544Z] <<< [apiv2][body] GET https://monitoring.googleapis.com/v3/projects/playza-beta-jnr/timeSeries/ {"unit":"1"}
[info] ✔  dataconnect: CloudSQL no cost trial available! 
[debug] [2026-10-03T08:39:26.546Z] Checked if tokens are valid: true, expires at: 1791020270408
[debug] [2026-10-03T08:39:26.546Z] Checked if tokens are valid: true, expires at: 1791020270408
[debug] [2026-10-03T08:39:26.546Z] >>> [apiv2][query] GET https://sqladmin.googleapis.com/v1/projects/playza-beta-jnr/instances [none]
[debug] [2026-10-03T08:39:28.752Z] <<< [apiv2][status] GET https://sqladmin.googleapis.com/v1/projects/playza-beta-jnr/instances 200
[debug] [2026-10-03T08:39:28.752Z] <<< [apiv2][body] GET https://sqladmin.googleapis.com/v1/projects/playza-beta-jnr/instances {}
[debug] [2026-10-03T08:39:28.753Z] Checked if tokens are valid: true, expires at: 1791020270408
[debug] [2026-10-03T08:39:28.754Z] Checked if tokens are valid: true, expires at: 1791020270408
[debug] [2026-10-03T08:39:28.754Z] >>> [apiv2][query] GET https://firebasedataconnect.googleapis.com/v1/projects/playza-beta-jnr/locations [none]
[debug] [2026-10-03T08:39:30.645Z] <<< [apiv2][status] GET https://firebasedataconnect.googleapis.com/v1/projects/playza-beta-jnr/locations 200
[debug] [2026-10-03T08:39:30.645Z] <<< [apiv2][body] GET https://firebasedataconnect.googleapis.com/v1/projects/playza-beta-jnr/locations {"locations":[{"name":"projects/playza-beta-jnr/locations/asia-east1","locationId":"asia-east1","displayName":"Taiwan"},{"name":"projects/playza-beta-jnr/locations/asia-east2","locationId":"asia-east2","displayName":"Hong Kong"},{"name":"projects/playza-beta-jnr/locations/asia-northeast1","locationId":"asia-northeast1","displayName":"Tokyo"},{"name":"projects/playza-beta-jnr/locations/asia-northeast2","locationId":"asia-northeast2","displayName":"Osaka"},{"name":"projects/playza-beta-jnr/locations/asia-northeast3","locationId":"asia-northeast3","displayName":"Seoul"},{"name":"projects/playza-beta-jnr/locations/asia-south1","locationId":"asia-south1","displayName":"Mumbai"},{"name":"projects/playza-beta-jnr/locations/asia-southeast1","locationId":"asia-southeast1","displayName":"Singapore"},{"name":"projects/playza-beta-jnr/locations/asia-southeast2","locationId":"asia-southeast2","displayName":"Jakarta"},{"name":"projects/playza-beta-jnr/locations/australia-southeast1","locationId":"australia-southeast1","displayName":"Sydney"},{"name":"projects/playza-beta-jnr/locations/australia-southeast2","locationId":"australia-southeast2","displayName":"Melbourne"},{"name":"projects/playza-beta-jnr/locations/europe-central2","locationId":"europe-central2","displayName":"Warsaw"},{"name":"projects/playza-beta-jnr/locations/europe-north1","locationId":"europe-north1","displayName":"Finland"},{"name":"projects/playza-beta-jnr/locations/europe-southwest1","locationId":"europe-southwest1","displayName":"Madrid"},{"name":"projects/playza-beta-jnr/locations/europe-west1","locationId":"europe-west1","displayName":"Belgium"},{"name":"projects/playza-beta-jnr/locations/europe-west2","locationId":"europe-west2","displayName":"London"},{"name":"projects/playza-beta-jnr/locations/europe-west3","locationId":"europe-west3","displayName":"Frankfurt"},{"name":"projects/playza-beta-jnr/locations/europe-west4","locationId":"europe-west4","displayName":"Netherlands"},{"name":"projects/playza-beta-jnr/locations/europe-west6","locationId":"europe-west6","displayName":"Zurich"},{"name":"projects/playza-beta-jnr/locations/europe-west8","locationId":"europe-west8","displayName":"Milan"},{"name":"projects/playza-beta-jnr/locations/europe-west9","locationId":"europe-west9","displayName":"Paris"},{"name":"projects/playza-beta-jnr/locations/me-west1","locationId":"me-west1","displayName":"Tel Aviv"},{"name":"projects/playza-beta-jnr/locations/northamerica-northeast1","locationId":"northamerica-northeast1","displayName":"Montréal"},{"name":"projects/playza-beta-jnr/locations/northamerica-northeast2","locationId":"northamerica-northeast2","displayName":"Toronto"},{"name":"projects/playza-beta-jnr/locations/southamerica-east1","locationId":"southamerica-east1","displayName":"São Paulo"},{"name":"projects/playza-beta-jnr/locations/southamerica-west1","locationId":"southamerica-west1","displayName":"Santiago"},{"name":"projects/playza-beta-jnr/locations/us-central1","locationId":"us-central1","displayName":"Iowa"},{"name":"projects/playza-beta-jnr/locations/us-east1","locationId":"us-east1","displayName":"South Carolina"},{"name":"projects/playza-beta-jnr/locations/us-east4","locationId":"us-east4","displayName":"Northern Virginia"},{"name":"projects/playza-beta-jnr/locations/us-south1","locationId":"us-south1","displayName":"Dallas"},{"name":"projects/playza-beta-jnr/locations/us-west1","locationId":"us-west1","displayName":"Oregon"},{"name":"projects/playza-beta-jnr/locations/us-west2","locationId":"us-west2","displayName":"Los Angeles"},{"name":"projects/playza-beta-jnr/locations/us-west3","locationId":"us-west3","displayName":"Salt Lake City"},{"name":"projects/playza-beta-jnr/locations/us-west4","locationId":"us-west4","displayName":"Las Vegas"}]}
[warn] ⚠  dataconnect: Cannot detect an existing app in the current directory. 
[debug] [2026-10-03T08:39:47.916Z] Checked if tokens are valid: true, expires at: 1791020270408
[debug] [2026-10-03T08:39:47.916Z] Checked if tokens are valid: true, expires at: 1791020270408
[debug] [2026-10-03T08:39:47.917Z] >>> [apiv2][query] POST https://firebasedataconnect.googleapis.com/v1/projects/playza-beta-jnr/locations/us-east4/services service_id=playza-beta
[debug] [2026-10-03T08:39:47.917Z] >>> [apiv2][body] POST https://firebasedataconnect.googleapis.com/v1/projects/playza-beta-jnr/locations/us-east4/services {"name":"projects/playza-beta-jnr/locations/us-east4/services/playza-beta"}
[debug] [2026-10-03T08:39:51.944Z] <<< [apiv2][status] POST https://firebasedataconnect.googleapis.com/v1/projects/playza-beta-jnr/locations/us-east4/services 200
[debug] [2026-10-03T08:39:51.944Z] <<< [apiv2][body] POST https://firebasedataconnect.googleapis.com/v1/projects/playza-beta-jnr/locations/us-east4/services {"name":"projects/playza-beta-jnr/locations/us-east4/operations/operation-1791016789742-65ceb978a14dd-f35b6347-8fd3b478","metadata":{"@type":"type.googleapis.com/google.firebase.dataconnect.v1.OperationMetadata","createTime":"2026-10-03T08:39:51.550614576Z","target":"projects/playza-beta-jnr/locations/us-east4/services/playza-beta","verb":"create","requestedCancellation":false,"apiVersion":"v1"},"done":false}
[debug] [2026-10-03T08:39:51.946Z] Checked if tokens are valid: true, expires at: 1791020270408
[debug] [2026-10-03T08:39:51.946Z] Checked if tokens are valid: true, expires at: 1791020270408
[debug] [2026-10-03T08:39:51.947Z] >>> [apiv2][query] GET https://firebasedataconnect.googleapis.com/v1/projects/playza-beta-jnr/locations/us-east4/operations/operation-1791016789742-65ceb978a14dd-f35b6347-8fd3b478 [none]
[debug] [2026-10-03T08:39:52.556Z] <<< [apiv2][status] GET https://firebasedataconnect.googleapis.com/v1/projects/playza-beta-jnr/locations/us-east4/operations/operation-1791016789742-65ceb978a14dd-f35b6347-8fd3b478 200
[debug] [2026-10-03T08:39:52.557Z] <<< [apiv2][body] GET https://firebasedataconnect.googleapis.com/v1/projects/playza-beta-jnr/locations/us-east4/operations/operation-1791016789742-65ceb978a14dd-f35b6347-8fd3b478 {"name":"projects/playza-beta-jnr/locations/us-east4/operations/operation-1791016789742-65ceb978a14dd-f35b6347-8fd3b478","metadata":{"@type":"type.googleapis.com/google.firebase.dataconnect.v1.OperationMetadata","createTime":"2026-10-03T08:39:51.550614576Z","target":"projects/playza-beta-jnr/locations/us-east4/services/playza-beta","verb":"create","requestedCancellation":false,"apiVersion":"v1"},"done":false}
[debug] [2026-10-03T08:39:53.058Z] [LRO Poller] Retrying task index 0
[debug] [2026-10-03T08:39:53.059Z] Checked if tokens are valid: true, expires at: 1791020270408
[debug] [2026-10-03T08:39:53.059Z] Checked if tokens are valid: true, expires at: 1791020270408
[debug] [2026-10-03T08:39:53.059Z] >>> [apiv2][query] GET https://firebasedataconnect.googleapis.com/v1/projects/playza-beta-jnr/locations/us-east4/operations/operation-1791016789742-65ceb978a14dd-f35b6347-8fd3b478 [none]
[debug] [2026-10-03T08:39:53.884Z] <<< [apiv2][status] GET https://firebasedataconnect.googleapis.com/v1/projects/playza-beta-jnr/locations/us-east4/operations/operation-1791016789742-65ceb978a14dd-f35b6347-8fd3b478 200
[debug] [2026-10-03T08:39:53.884Z] <<< [apiv2][body] GET https://firebasedataconnect.googleapis.com/v1/projects/playza-beta-jnr/locations/us-east4/operations/operation-1791016789742-65ceb978a14dd-f35b6347-8fd3b478 {"name":"projects/playza-beta-jnr/locations/us-east4/operations/operation-1791016789742-65ceb978a14dd-f35b6347-8fd3b478","metadata":{"@type":"type.googleapis.com/google.firebase.dataconnect.v1.OperationMetadata","createTime":"2026-10-03T08:39:51.550614576Z","endTime":"2026-10-03T08:39:52.783001149Z","target":"projects/playza-beta-jnr/locations/us-east4/services/playza-beta","verb":"create","requestedCancellation":false,"apiVersion":"v1"},"done":true,"response":{"@type":"type.googleapis.com/google.firebase.dataconnect.v1.Service","name":"projects/playza-beta-jnr/locations/us-east4/services/playza-beta","createTime":"2026-10-03T08:39:51.544761986Z","updateTime":"2026-10-03T08:39:51.544761986Z","uid":"b35ec934-1682-4593-8c75-e981b2d16239","reconciling":false,"etag":"88evttwbU9PRBnAXDRu8lqiV9IOP4PQZjmXujI6j41U"}}
[debug] [2026-10-03T08:39:53.890Z] [Agent Service] Reusable cURL command:\ncurl -X POST "https://firebasedataconnect.googleapis.com/v1/projects/playza-beta-jnr/locations/us-east4/services/-:generateSchema" -H "Content-Type: application/json" -H "Authorization: Bearer $(gcloud auth print-access-token)" -d '{"name":"projects/playza-beta-jnr/locations/us-east4/services/-","prompt":"PlayZa Beta is a private testing platform where selected users can test new features, report bugs, and share feedback to help improve PlayZa. 🚀"}'
[debug] [2026-10-03T08:39:53.891Z] Checked if tokens are valid: true, expires at: 1791020270408
[debug] [2026-10-03T08:39:53.891Z] Checked if tokens are valid: true, expires at: 1791020270408
[debug] [2026-10-03T08:39:53.891Z] >>> [apiv2][query] POST https://firebasedataconnect.googleapis.com/v1/projects/playza-beta-jnr/locations/us-east4/services/-:generateSchema [none]
[debug] [2026-10-03T08:39:53.891Z] >>> [apiv2][body] POST https://firebasedataconnect.googleapis.com/v1/projects/playza-beta-jnr/locations/us-east4/services/-:generateSchema {"name":"projects/playza-beta-jnr/locations/us-east4/services/-","prompt":"PlayZa Beta is a private testing platform where selected users can test new features, report bugs, and share feedback to help improve PlayZa. 🚀"}
[debug] [2026-10-03T08:39:55.817Z] <<< [apiv2][status] POST https://firebasedataconnect.googleapis.com/v1/projects/playza-beta-jnr/locations/us-east4/services/-:generateSchema 200
[debug] [2026-10-03T08:39:55.817Z] <<< [apiv2][body] POST https://firebasedataconnect.googleapis.com/v1/projects/playza-beta-jnr/locations/us-east4/services/-:generateSchema [stream]
[debug] [2026-10-03T08:39:59.826Z] Checked if tokens are valid: true, expires at: 1791020270408
[debug] [2026-10-03T08:39:59.827Z] Checked if tokens are valid: true, expires at: 1791020270408
[debug] [2026-10-03T08:39:59.827Z] [Agent Service] Reusable cURL command:\ncurl -X POST "https://firebasedataconnect.googleapis.com/v1/projects/playza-beta-jnr/locations/us-east4/services/-:generateQuery" -H "Content-Type: application/json" -H "Authorization: Bearer $(gcloud auth print-access-token)" -d '{"name":"projects/playza-beta-jnr/locations/us-east4/services/-","prompt":"Generate at least one create (insert/upsert), delete, update, get (read by key), and list operation for each table defined in the schema. For user-specific data, use the 'auth.uid' server value (e.g., id_expr: \"auth.uid\") or correct filters to secure user-owned data and require authentication using @auth(level: USER). For publicly accessible data, use @auth(level: PUBLIC, insecureReason: \"why is it OK to be public?\")","schemas":[{"name":"projects/playza-beta-jnr/locations/us-east4/services/playza-beta/schemas/main","datasources":[],"source":{"files":[{"path":"schema.gql","content":"type User @table {\n  email: String!\n  role: String!\n  displayName: String\n  avatarUrl: String\n}\n\ntype Feature @table {\n  title: String!\n  description: String!\n  status: String!\n  releaseDate: Date\n}\n\ntype BugReport @table {\n  title: String!\n  description: String!\n  severity: String!\n  status: String!\n  screenshotUrl: String\n  reproductionSteps: String\n  reporter: User\n  feature: Feature\n}\n\ntype Feedback @table {\n  content: String!\n  createdAt: Timestamp!\n  rating: Int\n  user: User\n  feature: Feature\n}\n\ntype Assignment @table {\n  assignedAt: Timestamp!\n  developer: User\n  bugReport: BugReport\n}"}]}}]}'
[debug] [2026-10-03T08:39:59.827Z] Checked if tokens are valid: true, expires at: 1791020270408
[debug] [2026-10-03T08:39:59.827Z] Checked if tokens are valid: true, expires at: 1791020270408
[debug] [2026-10-03T08:39:59.827Z] [Agent Service] Reusable cURL command:\ncurl -X POST "https://firebasedataconnect.googleapis.com/v1/projects/playza-beta-jnr/locations/us-east4/services/-:generateQuery" -H "Content-Type: application/json" -H "Authorization: Bearer $(gcloud auth print-access-token)" -d '{"name":"projects/playza-beta-jnr/locations/us-east4/services/-","prompt":"Create a single mutation wrapped in a @transaction to populate the database with seed data. The mutation should call the insertMany action (e.g., table_insertMany) for all tables/entities defined in the schema, using fake data. Generate appropriate fake records (3 to 5 per table) conforming to the schema and including proper relationships/foreign keys.","schemas":[{"name":"projects/playza-beta-jnr/locations/us-east4/services/playza-beta/schemas/main","datasources":[],"source":{"files":[{"path":"schema.gql","content":"type User @table {\n  email: String!\n  role: String!\n  displayName: String\n  avatarUrl: String\n}\n\ntype Feature @table {\n  title: String!\n  description: String!\n  status: String!\n  releaseDate: Date\n}\n\ntype BugReport @table {\n  title: String!\n  description: String!\n  severity: String!\n  status: String!\n  screenshotUrl: String\n  reproductionSteps: String\n  reporter: User\n  feature: Feature\n}\n\ntype Feedback @table {\n  content: String!\n  createdAt: Timestamp!\n  rating: Int\n  user: User\n  feature: Feature\n}\n\ntype Assignment @table {\n  assignedAt: Timestamp!\n  developer: User\n  bugReport: BugReport\n}"}]}}]}'
[debug] [2026-10-03T08:39:59.828Z] Checked if tokens are valid: true, expires at: 1791020270408
[debug] [2026-10-03T08:39:59.828Z] Checked if tokens are valid: true, expires at: 1791020270408
[debug] [2026-10-03T08:39:59.828Z] >>> [apiv2][query] PATCH https://firebasedataconnect.googleapis.com/v1/projects/playza-beta-jnr/locations/us-east4/services/playza-beta/schemas/main allowMissing=true&validateOnly=false
[debug] [2026-10-03T08:39:59.828Z] >>> [apiv2][body] PATCH https://firebasedataconnect.googleapis.com/v1/projects/playza-beta-jnr/locations/us-east4/services/playza-beta/schemas/main {"name":"projects/playza-beta-jnr/locations/us-east4/services/playza-beta/schemas/main","datasources":[{"postgresql":{}}],"source":{"files":[{"path":"schema.gql","content":"type User @table {\n  email: String!\n  role: String!\n  displayName: String\n  avatarUrl: String\n}\n\ntype Feature @table {\n  title: String!\n  description: String!\n  status: String!\n  releaseDate: Date\n}\n\ntype BugReport @table {\n  title: String!\n  description: String!\n  severity: String!\n  status: String!\n  screenshotUrl: String\n  reproductionSteps: String\n  reporter: User\n  feature: Feature\n}\n\ntype Feedback @table {\n  content: String!\n  createdAt: Timestamp!\n  rating: Int\n  user: User\n  feature: Feature\n}\n\ntype Assignment @table {\n  assignedAt: Timestamp!\n  developer: User\n  bugReport: BugReport\n}"}]}}
[debug] [2026-10-03T08:39:59.829Z] >>> [apiv2][query] POST https://firebasedataconnect.googleapis.com/v1/projects/playza-beta-jnr/locations/us-east4/services/-:generateQuery [none]
[debug] [2026-10-03T08:39:59.829Z] >>> [apiv2][body] POST https://firebasedataconnect.googleapis.com/v1/projects/playza-beta-jnr/locations/us-east4/services/-:generateQuery {"name":"projects/playza-beta-jnr/locations/us-east4/services/-","prompt":"Generate at least one create (insert/upsert), delete, update, get (read by key), and list operation for each table defined in the schema. For user-specific data, use the 'auth.uid' server value (e.g., id_expr: \"auth.uid\") or correct filters to secure user-owned data and require authentication using @auth(level: USER). For publicly accessible data, use @auth(level: PUBLIC, insecureReason: \"why is it OK to be public?\")","schemas":[{"name":"projects/playza-beta-jnr/locations/us-east4/services/playza-beta/schemas/main","datasources":[],"source":{"files":[{"path":"schema.gql","content":"type User @table {\n  email: String!\n  role: String!\n  displayName: String\n  avatarUrl: String\n}\n\ntype Feature @table {\n  title: String!\n  description: String!\n  status: String!\n  releaseDate: Date\n}\n\ntype BugReport @table {\n  title: String!\n  description: String!\n  severity: String!\n  status: String!\n  screenshotUrl: String\n  reproductionSteps: String\n  reporter: User\n  feature: Feature\n}\n\ntype Feedback @table {\n  content: String!\n  createdAt: Timestamp!\n  rating: Int\n  user: User\n  feature: Feature\n}\n\ntype Assignment @table {\n  assignedAt: Timestamp!\n  developer: User\n  bugReport: BugReport\n}"}]}}]}
[debug] [2026-10-03T08:39:59.830Z] >>> [apiv2][query] POST https://firebasedataconnect.googleapis.com/v1/projects/playza-beta-jnr/locations/us-east4/services/-:generateQuery [none]
[debug] [2026-10-03T08:39:59.830Z] >>> [apiv2][body] POST https://firebasedataconnect.googleapis.com/v1/projects/playza-beta-jnr/locations/us-east4/services/-:generateQuery {"name":"projects/playza-beta-jnr/locations/us-east4/services/-","prompt":"Create a single mutation wrapped in a @transaction to populate the database with seed data. The mutation should call the insertMany action (e.g., table_insertMany) for all tables/entities defined in the schema, using fake data. Generate appropriate fake records (3 to 5 per table) conforming to the schema and including proper relationships/foreign keys.","schemas":[{"name":"projects/playza-beta-jnr/locations/us-east4/services/playza-beta/schemas/main","datasources":[],"source":{"files":[{"path":"schema.gql","content":"type User @table {\n  email: String!\n  role: String!\n  displayName: String\n  avatarUrl: String\n}\n\ntype Feature @table {\n  title: String!\n  description: String!\n  status: String!\n  releaseDate: Date\n}\n\ntype BugReport @table {\n  title: String!\n  description: String!\n  severity: String!\n  status: String!\n  screenshotUrl: String\n  reproductionSteps: String\n  reporter: User\n  feature: Feature\n}\n\ntype Feedback @table {\n  content: String!\n  createdAt: Timestamp!\n  rating: Int\n  user: User\n  feature: Feature\n}\n\ntype Assignment @table {\n  assignedAt: Timestamp!\n  developer: User\n  bugReport: BugReport\n}"}]}}]}
[debug] [2026-10-03T08:40:00.341Z] <<< [apiv2][status] POST https://firebasedataconnect.googleapis.com/v1/projects/playza-beta-jnr/locations/us-east4/services/-:generateQuery 200
[debug] [2026-10-03T08:40:00.341Z] <<< [apiv2][body] POST https://firebasedataconnect.googleapis.com/v1/projects/playza-beta-jnr/locations/us-east4/services/-:generateQuery [stream]
[debug] [2026-10-03T08:40:00.344Z] <<< [apiv2][status] POST https://firebasedataconnect.googleapis.com/v1/projects/playza-beta-jnr/locations/us-east4/services/-:generateQuery 200
[debug] [2026-10-03T08:40:00.344Z] <<< [apiv2][body] POST https://firebasedataconnect.googleapis.com/v1/projects/playza-beta-jnr/locations/us-east4/services/-:generateQuery [stream]
[debug] [2026-10-03T08:40:00.361Z] <<< [apiv2][status] PATCH https://firebasedataconnect.googleapis.com/v1/projects/playza-beta-jnr/locations/us-east4/services/playza-beta/schemas/main 200
[debug] [2026-10-03T08:40:00.361Z] <<< [apiv2][body] PATCH https://firebasedataconnect.googleapis.com/v1/projects/playza-beta-jnr/locations/us-east4/services/playza-beta/schemas/main {"name":"projects/playza-beta-jnr/locations/us-east4/operations/operation-1791016800068-65ceb9827a27b-381f5077-dcfb9eaf","metadata":{"@type":"type.googleapis.com/google.firebase.dataconnect.v1.OperationMetadata","createTime":"2026-10-03T08:40:00.103943932Z","target":"projects/playza-beta-jnr/locations/us-east4/services/playza-beta/schemas/main","verb":"update","requestedCancellation":false,"apiVersion":"v1"},"done":false}
[debug] [2026-10-03T08:40:00.361Z] Checked if tokens are valid: true, expires at: 1791020270408
[debug] [2026-10-03T08:40:00.361Z] Checked if tokens are valid: true, expires at: 1791020270408
[debug] [2026-10-03T08:40:00.362Z] >>> [apiv2][query] GET https://firebasedataconnect.googleapis.com/v1/projects/playza-beta-jnr/locations/us-east4/operations/operation-1791016800068-65ceb9827a27b-381f5077-dcfb9eaf [none]
[debug] [2026-10-03T08:40:00.848Z] <<< [apiv2][status] GET https://firebasedataconnect.googleapis.com/v1/projects/playza-beta-jnr/locations/us-east4/operations/operation-1791016800068-65ceb9827a27b-381f5077-dcfb9eaf 200
[debug] [2026-10-03T08:40:00.848Z] <<< [apiv2][body] GET https://firebasedataconnect.googleapis.com/v1/projects/playza-beta-jnr/locations/us-east4/operations/operation-1791016800068-65ceb9827a27b-381f5077-dcfb9eaf {"name":"projects/playza-beta-jnr/locations/us-east4/operations/operation-1791016800068-65ceb9827a27b-381f5077-dcfb9eaf","metadata":{"@type":"type.googleapis.com/google.firebase.dataconnect.v1.OperationMetadata","createTime":"2026-10-03T08:40:00.103943932Z","endTime":"2026-10-03T08:40:00.353503362Z","target":"projects/playza-beta-jnr/locations/us-east4/services/playza-beta/schemas/main","verb":"update","requestedCancellation":false,"apiVersion":"v1"},"done":true,"response":{"@type":"type.googleapis.com/google.firebase.dataconnect.v1.Schema","name":"projects/playza-beta-jnr/locations/us-east4/services/playza-beta/schemas/main","createTime":"2026-10-03T08:40:00.093149294Z","updateTime":"2026-10-03T08:40:00.093149294Z","source":{"files":[{"path":"schema.gql","content":"type User @table {\n  email: String!\n  role: String!\n  displayName: String\n  avatarUrl: String\n}\n\ntype Feature @table {\n  title: String!\n  description: String!\n  status: String!\n  releaseDate: Date\n}\n\ntype BugReport @table {\n  title: String!\n  description: String!\n  severity: String!\n  status: String!\n  screenshotUrl: String\n  reproductionSteps: String\n  reporter: User\n  feature: Feature\n}\n\ntype Feedback @table {\n  content: String!\n  createdAt: Timestamp!\n  rating: Int\n  user: User\n  feature: Feature\n}\n\ntype Assignment @table {\n  assignedAt: Timestamp!\n  developer: User\n  bugReport: BugReport\n}"}]},"uid":"c4027988-9923-4ac3-9f24-f1f0d4630aa7","reconciling":false,"datasources":[{"postgresql":{"ephemeral":true}}],"etag":"w2Rj8lJvY29pvdTsjmA-vqZ4j7vegFRTzUrsBA8Ana0"}}
[info] ✔  Wrote dataconnect/dataconnect.yaml 
[info] ✔  Wrote dataconnect/seed_data.gql 
[info] ✔  Wrote dataconnect/schema/schema.gql 
[info] ✔  Wrote dataconnect/example/connector.yaml 
[info] ✔  Wrote dataconnect/example/queries.gql 
[info] i  dataconnect: No apps to setup SQL Connect Generated SDKs 
[info] 
=== Firestore Setup
[info] i  firestore: ensuring required API firestore.googleapis.com is enabled... 
[debug] [2026-10-03T08:40:06.275Z] Checked if tokens are valid: true, expires at: 1791020270408
[debug] [2026-10-03T08:40:06.276Z] Checked if tokens are valid: true, expires at: 1791020270408
[debug] [2026-10-03T08:40:06.277Z] >>> [apiv2][query] GET https://serviceusage.googleapis.com/v1/projects/playza-beta-jnr/services/firestore.googleapis.com [none]
[debug] [2026-10-03T08:40:06.277Z] >>> [apiv2][(partial)header] GET https://serviceusage.googleapis.com/v1/projects/playza-beta-jnr/services/firestore.googleapis.com  x-goog-user-project=playza-beta-jnr
[debug] [2026-10-03T08:40:08.331Z] <<< [apiv2][status] GET https://serviceusage.googleapis.com/v1/projects/playza-beta-jnr/services/firestore.googleapis.com 200
[debug] [2026-10-03T08:40:08.331Z] <<< [apiv2][body] GET https://serviceusage.googleapis.com/v1/projects/playza-beta-jnr/services/firestore.googleapis.com [omitted]
[info] ✔  firestore: required API firestore.googleapis.com is enabled 
[debug] [2026-10-03T08:40:08.353Z] Checked if tokens are valid: true, expires at: 1791020270408
[debug] [2026-10-03T08:40:08.353Z] Checked if tokens are valid: true, expires at: 1791020270408
[debug] [2026-10-03T08:40:08.353Z] >>> [apiv2][query] GET https://firestore.googleapis.com/v1/projects/playza-beta-jnr/databases [none]
[debug] [2026-10-03T08:40:09.245Z] <<< [apiv2][status] GET https://firestore.googleapis.com/v1/projects/playza-beta-jnr/databases 200
[debug] [2026-10-03T08:40:09.246Z] <<< [apiv2][body] GET https://firestore.googleapis.com/v1/projects/playza-beta-jnr/databases {}
[debug] [2026-10-03T08:40:09.246Z] Checked if tokens are valid: true, expires at: 1791020270408
[debug] [2026-10-03T08:40:09.246Z] Checked if tokens are valid: true, expires at: 1791020270408
[debug] [2026-10-03T08:40:09.247Z] >>> [apiv2][query] GET https://firestore.googleapis.com/v1/projects/playza-beta-jnr/locations [none]
[debug] [2026-10-03T08:40:09.861Z] <<< [apiv2][status] GET https://firestore.googleapis.com/v1/projects/playza-beta-jnr/locations 200
[debug] [2026-10-03T08:40:09.862Z] <<< [apiv2][body] GET https://firestore.googleapis.com/v1/projects/playza-beta-jnr/locations {"locations":[{"name":"projects/playza-beta-jnr/locations/eur3","labels":{"appengine.googleapis.com/geo":"europe-west","cloud.googleapis.com/location":"eur3","cloud.googleapis.com/geo":"eur3"},"metadata":{"@type":"type.googleapis.com/google.firestore.admin.v1.LocationMetadata"},"locationId":"eur3","displayName":"Europe"},{"name":"projects/playza-beta-jnr/locations/nam5","labels":{"appengine.googleapis.com/geo":"us-central","cloud.googleapis.com/location":"nam5","cloud.googleapis.com/geo":"nam5"},"metadata":{"@type":"type.googleapis.com/google.firestore.admin.v1.LocationMetadata"},"locationId":"nam5","displayName":"United States"},{"name":"projects/playza-beta-jnr/locations/nam7","labels":{"cloud.googleapis.com/location":"nam7","cloud.googleapis.com/geo":"nam7"},"metadata":{"@type":"type.googleapis.com/google.firestore.admin.v1.LocationMetadata"},"locationId":"nam7","displayName":"United States"},{"name":"projects/playza-beta-jnr/locations/africa-south1","labels":{"cloud.googleapis.com/location":"africa-south1","cloud.googleapis.com/region":"africa-south1"},"metadata":{"@type":"type.googleapis.com/google.firestore.admin.v1.LocationMetadata"},"locationId":"africa-south1","displayName":"Johannesburg"},{"name":"projects/playza-beta-jnr/locations/asia-east1","labels":{"appengine.googleapis.com/region":"asia-east1","cloud.googleapis.com/location":"asia-east1","cloud.googleapis.com/region":"asia-east1"},"metadata":{"@type":"type.googleapis.com/google.firestore.admin.v1.LocationMetadata"},"locationId":"asia-east1","displayName":"Taiwan"},{"name":"projects/playza-beta-jnr/locations/asia-east2","labels":{"appengine.googleapis.com/region":"asia-east2","cloud.googleapis.com/location":"asia-east2","cloud.googleapis.com/region":"asia-east2"},"metadata":{"@type":"type.googleapis.com/google.firestore.admin.v1.LocationMetadata"},"locationId":"asia-east2","displayName":"Hong Kong"},{"name":"projects/playza-beta-jnr/locations/asia-northeast1","labels":{"appengine.googleapis.com/region":"asia-northeast1","cloud.googleapis.com/location":"asia-northeast1","cloud.googleapis.com/region":"asia-northeast1"},"metadata":{"@type":"type.googleapis.com/google.firestore.admin.v1.LocationMetadata"},"locationId":"asia-northeast1","displayName":"Tokyo"},{"name":"projects/playza-beta-jnr/locations/asia-northeast2","labels":{"appengine.googleapis.com/region":"asia-northeast2","cloud.googleapis.com/location":"asia-northeast2","cloud.googleapis.com/region":"asia-northeast2"},"metadata":{"@type":"type.googleapis.com/google.firestore.admin.v1.LocationMetadata"},"locationId":"asia-northeast2","displayName":"Osaka"},{"name":"projects/playza-beta-jnr/locations/asia-northeast3","labels":{"appengine.googleapis.com/region":"asia-northeast3","cloud.googleapis.com/location":"asia-northeast3","cloud.googleapis.com/region":"asia-northeast3"},"metadata":{"@type":"type.googleapis.com/google.firestore.admin.v1.LocationMetadata"},"locationId":"asia-northeast3","displayName":"Seoul"},{"name":"projects/playza-beta-jnr/locations/asia-south1","labels":{"appengine.googleapis.com/region":"asia-south1","cloud.googleapis.com/location":"asia-south1","cloud.googleapis.com/region":"asia-south1"},"metadata":{"@type":"type.googleapis.com/google.firestore.admin.v1.LocationMetadata"},"locationId":"asia-south1","displayName":"Mumbai"},{"name":"projects/playza-beta-jnr/locations/asia-south2","labels":{"cloud.googleapis.com/location":"asia-south2","cloud.googleapis.com/region":"asia-south2"},"metadata":{"@type":"type.googleapis.com/google.firestore.admin.v1.LocationMetadata"},"locationId":"asia-south2","displayName":"Delhi"},{"name":"projects/playza-beta-jnr/locations/asia-southeast1","labels":{"appengine.googleapis.com/region":"asia-southeast1","cloud.googleapis.com/location":"asia-southeast1","cloud.googleapis.com/region":"asia-southeast1"},"metadata":{"@type":"type.googleapis.com/google.firestore.admin.v1.LocationMetadata"},"locationId":"asia-southeast1","displayName":"Singapore"},{"name":"projects/playza-beta-jnr/locations/asia-southeast2","labels":{"appengine.googleapis.com/region":"asia-southeast2","cloud.googleapis.com/location":"asia-southeast2","cloud.googleapis.com/region":"asia-southeast2"},"metadata":{"@type":"type.googleapis.com/google.firestore.admin.v1.LocationMetadata"},"locationId":"asia-southeast2","displayName":"Jakarta"},{"name":"projects/playza-beta-jnr/locations/asia-southeast3","labels":{"cloud.googleapis.com/location":"asia-southeast3","cloud.googleapis.com/region":"asia-southeast3"},"metadata":{"@type":"type.googleapis.com/google.firestore.admin.v1.LocationMetadata"},"locationId":"asia-southeast3","displayName":"Bangkok"},{"name":"projects/playza-beta-jnr/locations/australia-southeast1","labels":{"appengine.googleapis.com/region":"australia-southeast1","cloud.googleapis.com/location":"australia-southeast1","cloud.googleapis.com/region":"australia-southeast1"},"metadata":{"@type":"type.googleapis.com/google.firestore.admin.v1.LocationMetadata"},"locationId":"australia-southeast1","displayName":"Sydney"},{"name":"projects/playza-beta-jnr/locations/australia-southeast2","labels":{"cloud.googleapis.com/location":"australia-southeast2","cloud.googleapis.com/region":"australia-southeast2"},"metadata":{"@type":"type.googleapis.com/google.firestore.admin.v1.LocationMetadata"},"locationId":"australia-southeast2","displayName":"Melbourne"},{"name":"projects/playza-beta-jnr/locations/europe-central2","labels":{"appengine.googleapis.com/region":"europe-central2","cloud.googleapis.com/location":"europe-central2","cloud.googleapis.com/region":"europe-central2"},"metadata":{"@type":"type.googleapis.com/google.firestore.admin.v1.LocationMetadata"},"locationId":"europe-central2","displayName":"Warsaw"},{"name":"projects/playza-beta-jnr/locations/europe-north1","labels":{"cloud.googleapis.com/location":"europe-north1","cloud.googleapis.com/region":"europe-north1"},"metadata":{"@type":"type.googleapis.com/google.firestore.admin.v1.LocationMetadata"},"locationId":"europe-north1","displayName":"Finland"},{"name":"projects/playza-beta-jnr/locations/europe-north2","labels":{"cloud.googleapis.com/location":"europe-north2","cloud.googleapis.com/region":"europe-north2"},"metadata":{"@type":"type.googleapis.com/google.firestore.admin.v1.LocationMetadata"},"locationId":"europe-north2","displayName":"Stockholm"},{"name":"projects/playza-beta-jnr/locations/europe-southwest1","labels":{"cloud.googleapis.com/location":"europe-southwest1","cloud.googleapis.com/region":"europe-southwest1"},"metadata":{"@type":"type.googleapis.com/google.firestore.admin.v1.LocationMetadata"},"locationId":"europe-southwest1","displayName":"Madrid"},{"name":"projects/playza-beta-jnr/locations/europe-west1","labels":{"cloud.googleapis.com/location":"europe-west1","cloud.googleapis.com/region":"europe-west1"},"metadata":{"@type":"type.googleapis.com/google.firestore.admin.v1.LocationMetadata"},"locationId":"europe-west1","displayName":"Belgium"},{"name":"projects/playza-beta-jnr/locations/europe-west10","labels":{"cloud.googleapis.com/location":"europe-west10","cloud.googleapis.com/region":"europe-west10"},"metadata":{"@type":"type.googleapis.com/google.firestore.admin.v1.LocationMetadata"},"locationId":"europe-west10","displayName":"Berlin"},{"name":"projects/playza-beta-jnr/locations/europe-west12","labels":{"cloud.googleapis.com/location":"europe-west12","cloud.googleapis.com/region":"europe-west12"},"metadata":{"@type":"type.googleapis.com/google.firestore.admin.v1.LocationMetadata"},"locationId":"europe-west12","displayName":"Turin"},{"name":"projects/playza-beta-jnr/locations/europe-west2","labels":{"appengine.googleapis.com/region":"europe-west2","cloud.googleapis.com/location":"europe-west2","cloud.googleapis.com/region":"europe-west2"},"metadata":{"@type":"type.googleapis.com/google.firestore.admin.v1.LocationMetadata"},"locationId":"europe-west2","displayName":"London"},{"name":"projects/playza-beta-jnr/locations/europe-west3","labels":{"appengine.googleapis.com/region":"europe-west3","cloud.googleapis.com/location":"europe-west3","cloud.googleapis.com/region":"europe-west3"},"metadata":{"@type":"type.googleapis.com/google.firestore.admin.v1.LocationMetadata"},"locationId":"europe-west3","displayName":"Frankfurt"},{"name":"projects/playza-beta-jnr/locations/europe-west4","labels":{"cloud.googleapis.com/location":"europe-west4","cloud.googleapis.com/region":"europe-west4"},"metadata":{"@type":"type.googleapis.com/google.firestore.admin.v1.LocationMetadata"},"locationId":"europe-west4","displayName":"Netherlands"},{"name":"projects/playza-beta-jnr/locations/europe-west6","labels":{"appengine.googleapis.com/region":"europe-west6","cloud.googleapis.com/location":"europe-west6","cloud.googleapis.com/region":"europe-west6"},"metadata":{"@type":"type.googleapis.com/google.firestore.admin.v1.LocationMetadata"},"locationId":"europe-west6","displayName":"Zurich"},{"name":"projects/playza-beta-jnr/locations/europe-west8","labels":{"cloud.googleapis.com/location":"europe-west8","cloud.googleapis.com/region":"europe-west8"},"metadata":{"@type":"type.googleapis.com/google.firestore.admin.v1.LocationMetadata"},"locationId":"europe-west8","displayName":"Milan"},{"name":"projects/playza-beta-jnr/locations/europe-west9","labels":{"cloud.googleapis.com/location":"europe-west9","cloud.googleapis.com/region":"europe-west9"},"metadata":{"@type":"type.googleapis.com/google.firestore.admin.v1.LocationMetadata"},"locationId":"europe-west9","displayName":"Paris"},{"name":"projects/playza-beta-jnr/locations/me-central1","labels":{"cloud.googleapis.com/location":"me-central1","cloud.googleapis.com/region":"me-central1"},"metadata":{"@type":"type.googleapis.com/google.firestore.admin.v1.LocationMetadata"},"locationId":"me-central1","displayName":"Doha"},{"name":"projects/playza-beta-jnr/locations/me-central2","labels":{"cloud.googleapis.com/location":"me-central2","cloud.googleapis.com/region":"me-central2"},"metadata":{"@type":"type.googleapis.com/google.firestore.admin.v1.LocationMetadata"},"locationId":"me-central2","displayName":"Dammam"},{"name":"projects/playza-beta-jnr/locations/me-west1","labels":{"cloud.googleapis.com/location":"me-west1","cloud.googleapis.com/region":"me-west1"},"metadata":{"@type":"type.googleapis.com/google.firestore.admin.v1.LocationMetadata"},"locationId":"me-west1","displayName":"Tel Aviv"},{"name":"projects/playza-beta-jnr/locations/northamerica-northeast1","labels":{"appengine.googleapis.com/region":"northamerica-northeast1","cloud.googleapis.com/location":"northamerica-northeast1","cloud.googleapis.com/region":"northamerica-northeast1"},"metadata":{"@type":"type.googleapis.com/google.firestore.admin.v1.LocationMetadata"},"locationId":"northamerica-northeast1","displayName":"Montréal"},{"name":"projects/playza-beta-jnr/locations/northamerica-northeast2","labels":{"cloud.googleapis.com/location":"northamerica-northeast2","cloud.googleapis.com/region":"northamerica-northeast2"},"metadata":{"@type":"type.googleapis.com/google.firestore.admin.v1.LocationMetadata"},"locationId":"northamerica-northeast2","displayName":"Toronto"},{"name":"projects/playza-beta-jnr/locations/northamerica-south1","labels":{"cloud.googleapis.com/location":"northamerica-south1","cloud.googleapis.com/region":"northamerica-south1"},"metadata":{"@type":"type.googleapis.com/google.firestore.admin.v1.LocationMetadata"},"locationId":"northamerica-south1","displayName":"Mexico"},{"name":"projects/playza-beta-jnr/locations/southamerica-east1","labels":{"appengine.googleapis.com/region":"southamerica-east1","cloud.googleapis.com/location":"southamerica-east1","cloud.googleapis.com/region":"southamerica-east1"},"metadata":{"@type":"type.googleapis.com/google.firestore.admin.v1.LocationMetadata"},"locationId":"southamerica-east1","displayName":"São Paulo"},{"name":"projects/playza-beta-jnr/locations/southamerica-west1","labels":{"cloud.googleapis.com/location":"southamerica-west1","cloud.googleapis.com/region":"southamerica-west1"},"metadata":{"@type":"type.googleapis.com/google.firestore.admin.v1.LocationMetadata"},"locationId":"southamerica-west1","displayName":"Santiago"},{"name":"projects/playza-beta-jnr/locations/us-central1","labels":{"cloud.googleapis.com/location":"us-central1","cloud.googleapis.com/region":"us-central1"},"metadata":{"@type":"type.googleapis.com/google.firestore.admin.v1.LocationMetadata"},"locationId":"us-central1","displayName":"Iowa"},{"name":"projects/playza-beta-jnr/locations/us-east1","labels":{"appengine.googleapis.com/region":"us-east1","cloud.googleapis.com/location":"us-east1","cloud.googleapis.com/region":"us-east1"},"metadata":{"@type":"type.googleapis.com/google.firestore.admin.v1.LocationMetadata"},"locationId":"us-east1","displayName":"South Carolina"},{"name":"projects/playza-beta-jnr/locations/us-east4","labels":{"appengine.googleapis.com/region":"us-east4","cloud.googleapis.com/location":"us-east4","cloud.googleapis.com/region":"us-east4"},"metadata":{"@type":"type.googleapis.com/google.firestore.admin.v1.LocationMetadata"},"locationId":"us-east4","displayName":"Northern Virginia"},{"name":"projects/playza-beta-jnr/locations/us-east5","labels":{"cloud.googleapis.com/location":"us-east5","cloud.googleapis.com/region":"us-east5"},"metadata":{"@type":"type.googleapis.com/google.firestore.admin.v1.LocationMetadata"},"locationId":"us-east5","displayName":"Columbus"},{"name":"projects/playza-beta-jnr/locations/us-south1","labels":{"cloud.googleapis.com/location":"us-south1","cloud.googleapis.com/region":"us-south1"},"metadata":{"@type":"type.googleapis.com/google.firestore.admin.v1.LocationMetadata"},"locationId":"us-south1","displayName":"Dallas"},{"name":"projects/playza-beta-jnr/locations/us-west1","labels":{"appengine.googleapis.com/region":"us-west1","cloud.googleapis.com/location":"us-west1","cloud.googleapis.com/region":"us-west1"},"metadata":{"@type":"type.googleapis.com/google.firestore.admin.v1.LocationMetadata"},"locationId":"us-west1","displayName":"Oregon"},{"name":"projects/playza-beta-jnr/locations/us-west2","labels":{"appengine.googleapis.com/region":"us-west2","cloud.googleapis.com/location":"us-west2","cloud.googleapis.com/region":"us-west2"},"metadata":{"@type":"type.googleapis.com/google.firestore.admin.v1.LocationMetadata"},"locationId":"us-west2","displayName":"Los Angeles"},{"name":"projects/playza-beta-jnr/locations/us-west3","labels":{"appengine.googleapis.com/region":"us-west3","cloud.googleapis.com/location":"us-west3","cloud.googleapis.com/region":"us-west3"},"metadata":{"@type":"type.googleapis.com/google.firestore.admin.v1.LocationMetadata"},"locationId":"us-west3","displayName":"Salt Lake City"},{"name":"projects/playza-beta-jnr/locations/us-west4","labels":{"appengine.googleapis.com/region":"us-west4","cloud.googleapis.com/location":"us-west4","cloud.googleapis.com/region":"us-west4"},"metadata":{"@type":"type.googleapis.com/google.firestore.admin.v1.LocationMetadata"},"locationId":"us-west4","displayName":"Las Vegas"}]}
[info] 
[info] Firestore Security Rules allow you to define how and when to allow
[info] requests. You can keep these rules in your project directory
[info] and publish them with firebase deploy.
[info] 
[debug] [2026-10-03T08:40:31.350Z] Checked if tokens are valid: true, expires at: 1791020270408
[debug] [2026-10-03T08:40:31.350Z] Checked if tokens are valid: true, expires at: 1791020270408
[debug] [2026-10-03T08:40:31.350Z] >>> [apiv2][query] GET https://firebaserules.googleapis.com/v1/projects/playza-beta-jnr/releases pageSize=10&pageToken=
[debug] [2026-10-03T08:40:32.389Z] <<< [apiv2][status] GET https://firebaserules.googleapis.com/v1/projects/playza-beta-jnr/releases 200
[debug] [2026-10-03T08:40:32.389Z] <<< [apiv2][body] GET https://firebaserules.googleapis.com/v1/projects/playza-beta-jnr/releases {}
[info] 
[info] Firestore indexes allow you to perform complex queries while
[info] maintaining performance that scales with the size of the result
[info] set. You can keep index definitions in your project directory
[info] and publish them with firebase deploy.
[info] 
[debug] [2026-10-03T08:40:36.266Z] Checked if tokens are valid: true, expires at: 1791020270408
[debug] [2026-10-03T08:40:36.266Z] Checked if tokens are valid: true, expires at: 1791020270408
[debug] [2026-10-03T08:40:36.266Z] Checked if tokens are valid: true, expires at: 1791020270408
[debug] [2026-10-03T08:40:36.266Z] Checked if tokens are valid: true, expires at: 1791020270408
[debug] [2026-10-03T08:40:36.267Z] >>> [apiv2][query] GET https://firestore.googleapis.com/v1/projects/playza-beta-jnr/databases/(default)/collectionGroups/-/indexes [none]
[debug] [2026-10-03T08:40:36.269Z] >>> [apiv2][query] GET https://firestore.googleapis.com/v1/projects/playza-beta-jnr/databases/(default)/collectionGroups/-/fields?filter=indexConfig.usesAncestorConfig=false OR ttlConfig:* [none]
[debug] [2026-10-03T08:40:37.409Z] <<< [apiv2][status] GET https://firestore.googleapis.com/v1/projects/playza-beta-jnr/databases/(default)/collectionGroups/-/indexes 404
[debug] [2026-10-03T08:40:37.409Z] <<< [apiv2][body] GET https://firestore.googleapis.com/v1/projects/playza-beta-jnr/databases/(default)/collectionGroups/-/indexes {"error":{"code":404,"message":"Project 'playza-beta-jnr' or database '(default)' does not exist.","status":"NOT_FOUND"}}
[info] ✔  Wrote firestore.rules 
[info] ✔  Wrote firestore.indexes.json 
[info] 
=== Genkit Setup
[debug] [2026-10-03T08:40:37.451Z] <<< [apiv2][status] GET https://firestore.googleapis.com/v1/projects/playza-beta-jnr/databases/(default)/collectionGroups/-/fields?filter=indexConfig.usesAncestorConfig=false OR ttlConfig:* 404
[debug] [2026-10-03T08:40:37.451Z] <<< [apiv2][body] GET https://firestore.googleapis.com/v1/projects/playza-beta-jnr/databases/(default)/collectionGroups/-/fields?filter=indexConfig.usesAncestorConfig=false OR ttlConfig:* {"error":{"code":404,"message":"Requested database was not found.","status":"NOT_FOUND"}}
[debug] [2026-10-03T08:40:45.460Z] > command requires scopes: ["email","openid","https://www.googleapis.com/auth/cloudplatformprojects.readonly","https://www.googleapis.com/auth/firebase","https://www.googleapis.com/auth/cloud-platform"]
[debug] [2026-10-03T08:40:45.460Z] > authorizing via signed-in user (cipher.raj.iq@gmail.com)
[debug] [2026-10-03T08:40:45.461Z] [iam] checking project playza-beta-jnr for permissions ["firebase.projects.get"]
[debug] [2026-10-03T08:40:45.462Z] Checked if tokens are valid: true, expires at: 1791020270408
[debug] [2026-10-03T08:40:45.462Z] Checked if tokens are valid: true, expires at: 1791020270408
[debug] [2026-10-03T08:40:45.462Z] >>> [apiv2][query] POST https://cloudresourcemanager.googleapis.com/v1/projects/playza-beta-jnr:testIamPermissions [none]
[debug] [2026-10-03T08:40:45.462Z] >>> [apiv2][(partial)header] POST https://cloudresourcemanager.googleapis.com/v1/projects/playza-beta-jnr:testIamPermissions  x-goog-user-project=playza-beta-jnr
[debug] [2026-10-03T08:40:45.463Z] >>> [apiv2][body] POST https://cloudresourcemanager.googleapis.com/v1/projects/playza-beta-jnr:testIamPermissions {"permissions":["firebase.projects.get"]}
[debug] [2026-10-03T08:40:52.155Z] <<< [apiv2][status] POST https://cloudresourcemanager.googleapis.com/v1/projects/playza-beta-jnr:testIamPermissions 200
[debug] [2026-10-03T08:40:52.156Z] <<< [apiv2][body] POST https://cloudresourcemanager.googleapis.com/v1/projects/playza-beta-jnr:testIamPermissions {"permissions":["firebase.projects.get"]}
[debug] [2026-10-03T08:40:52.156Z] Checked if tokens are valid: true, expires at: 1791020270408
[debug] [2026-10-03T08:40:52.156Z] Checked if tokens are valid: true, expires at: 1791020270408
[debug] [2026-10-03T08:40:52.157Z] Checked if tokens are valid: true, expires at: 1791020270408
[debug] [2026-10-03T08:40:52.157Z] Checked if tokens are valid: true, expires at: 1791020270408
[debug] [2026-10-03T08:40:52.157Z] >>> [apiv2][query] GET https://serviceusage.googleapis.com/v1/projects/playza-beta-jnr/services/cloudfunctions.googleapis.com [none]
[debug] [2026-10-03T08:40:52.157Z] >>> [apiv2][(partial)header] GET https://serviceusage.googleapis.com/v1/projects/playza-beta-jnr/services/cloudfunctions.googleapis.com  x-goog-user-project=playza-beta-jnr
[debug] [2026-10-03T08:40:52.159Z] >>> [apiv2][query] GET https://serviceusage.googleapis.com/v1/projects/playza-beta-jnr/services/runtimeconfig.googleapis.com [none]
[debug] [2026-10-03T08:40:52.159Z] >>> [apiv2][(partial)header] GET https://serviceusage.googleapis.com/v1/projects/playza-beta-jnr/services/runtimeconfig.googleapis.com  x-goog-user-project=playza-beta-jnr
[debug] [2026-10-03T08:40:54.022Z] <<< [apiv2][status] GET https://serviceusage.googleapis.com/v1/projects/playza-beta-jnr/services/cloudfunctions.googleapis.com 200
[debug] [2026-10-03T08:40:54.022Z] <<< [apiv2][body] GET https://serviceusage.googleapis.com/v1/projects/playza-beta-jnr/services/cloudfunctions.googleapis.com [omitted]
[debug] [2026-10-03T08:40:54.022Z] Checked if tokens are valid: true, expires at: 1791020270408
[debug] [2026-10-03T08:40:54.022Z] Checked if tokens are valid: true, expires at: 1791020270408
[debug] [2026-10-03T08:40:54.022Z] >>> [apiv2][query] POST https://serviceusage.googleapis.com/v1/projects/playza-beta-jnr/services/cloudfunctions.googleapis.com:enable [none]
[debug] [2026-10-03T08:40:54.023Z] >>> [apiv2][(partial)header] POST https://serviceusage.googleapis.com/v1/projects/playza-beta-jnr/services/cloudfunctions.googleapis.com:enable  x-goog-user-project=playza-beta-jnr
[debug] [2026-10-03T08:40:54.059Z] <<< [apiv2][status] GET https://serviceusage.googleapis.com/v1/projects/playza-beta-jnr/services/runtimeconfig.googleapis.com 200
[debug] [2026-10-03T08:40:54.059Z] <<< [apiv2][body] GET https://serviceusage.googleapis.com/v1/projects/playza-beta-jnr/services/runtimeconfig.googleapis.com [omitted]
[debug] [2026-10-03T08:40:54.822Z] <<< [apiv2][status] POST https://serviceusage.googleapis.com/v1/projects/playza-beta-jnr/services/cloudfunctions.googleapis.com:enable 200
[debug] [2026-10-03T08:40:54.822Z] <<< [apiv2][body] POST https://serviceusage.googleapis.com/v1/projects/playza-beta-jnr/services/cloudfunctions.googleapis.com:enable [omitted]
[info] Let's create a new codebase for your functions.
[info] A directory corresponding to the codebase will be created in your project
[info] with sample code pre-configured.

[info] See https://firebase.google.com/docs/functions/organize-functions for
[info] more information on organizing your functions using codebases.

[info] Functions can be deployed with firebase deploy.

[info] ✔  Wrote functions/.eslintrc.js 
[info] ✔  Wrote functions/tsconfig.dev.json 
[info] ✔  Wrote functions/package.json 
[info] ✔  Wrote functions/tsconfig.json 
[info] ✔  Wrote functions/src/index.ts 
[info] ✔  Wrote functions/.gitignore 
[info] 
[info] i  genkit: Installing Genkit CLI version 1.43.0
 
[info] i  genkit: Installing NPM packages for genkit 
[info] ✔  genkit: Successfully installed NPM packages 
